// Jest Snapshot v1, https://goo.gl/fbAQLP

exports[`BlurSavingTextField renders using the initial value 1`] = `"TextField: {"value":"foo"}"`;

exports[`BlurSavingTextField updates the temporary internal value appropriately 1`] = `"TextField: {"value":"bar"}"`;
