// Jest Snapshot v1, https://goo.gl/fbAQLP

exports[`JobList renders 1`] = `
<ul>
  <mock-job />
</ul>
`;
