// Jest Snapshot v1, https://goo.gl/fbAQLP

exports[`Job renders 1`] = `
<li>
  <mock-jobclickable />
   [] 
  <br />
</li>
`;
