// Jest Snapshot v1, https://goo.gl/fbAQLP

exports[`JobPaginatorZoomToggle renders 1`] = `<Component />`;
