// Jest Snapshot v1, https://goo.gl/fbAQLP

exports[`PaginatorPreview renders 1`] = `
<PaginatorPreview
  img="testImage"
>
  <div
    className="preview"
  >
    <img
      alt=""
      className="preview-image"
      src="testImage"
    />
  </div>
</PaginatorPreview>
`;
