// Jest Snapshot v1, https://goo.gl/fbAQLP

exports[`DatastreamAgentsAddContentRow renders 1`] = `
<Component
  additionalControls={
    <ForwardRef(IconButton)
      disabled={false}
      onClick={[Function]}
    >
      <Memo />
    </ForwardRef(IconButton)>
  }
  agent={
    Object {
      "name": "test3",
      "notes": Array [
        "test4",
      ],
      "role": "test1",
      "type": "test2",
    }
  }
  initialExpand={true}
  namesHelperText=""
  onNameChange={[Function]}
  onNotesChange={[Function]}
  onRoleChange={[Function]}
  onTypeChange={[Function]}
/>
`;
