// Jest Snapshot v1, https://goo.gl/fbAQLP

exports[`EditHome renders 1`] = `
<div>
  <h1>
    Editor
  </h1>
  <h2>
    Tools
  </h2>
  <ul>
    <li>
      <Link
        href="/edit/newChild"
      >
        Create New Top-Level Object
      </Link>
    </li>
  </ul>
  <h2>
    Contents
  </h2>
  <ChildList />
</div>
`;
