// Jest Snapshot v1, https://goo.gl/fbAQLP

exports[`EditParentsButton renders 1`] = `
<button
  onClick={[Function]}
>
  Edit Parents
</button>
`;
